[0m18:35:07.193902 [debug] [MainThread]: Sending event: {'category': 'dbt', 'action': 'invocation', 'label': 'start', 'context': [<snowplow_tracker.self_describing_json.SelfDescribingJson object at 0x0000029F164C1E80>, <snowplow_tracker.self_describing_json.SelfDescribingJson object at 0x0000029F17562660>, <snowplow_tracker.self_describing_json.SelfDescribingJson object at 0x0000029F16854EF0>]}


============================== 18:35:07.217841 | d77f8d5e-035a-4a27-95dd-fbacf25a6dbd ==============================
[0m18:35:07.217841 [info ] [MainThread]: Running with dbt=1.12.3
[0m18:35:07.217841 [debug] [MainThread]: running dbt with arguments {'version_check': 'True', 'no_print': 'None', 'maximum_seed_size_mib': '1', 'target_path': 'None', 'warn_error_options': 'WarnErrorOptionsV2(error=[], warn=[], silence=[])', 'static_parser': 'True', 'printer_width': '80', 'write_json': 'True', 'introspect': 'True', 'log_cache_events': 'False', 'empty': 'None', 'cache_selected_only': 'False', 'log_format': 'default', 'debug': 'False', 'fail_fast': 'False', 'profiles_dir': 'C:\\Users\\samar\\.dbt', 'send_anonymous_usage_stats': 'True', 'quiet': 'False', 'warn_error': 'None', 'partial_parse': 'True', 'invocation_command': 'dbt init meridian_dbt', 'hints_enabled': 'True', 'indirect_selection': 'eager', 'use_experimental_parser': 'False', 'use_colors': 'True', 'log_path': 'logs'}
[0m18:35:07.249566 [info ] [MainThread]: Creating dbt configuration folder at C:\Users\samar\.dbt
[0m18:35:07.257718 [debug] [MainThread]: Starter project path: C:\Users\samar\Documents\Projects\meridian\venv\Lib\site-packages\dbt\include\starter_project
[0m18:35:07.286451 [info ] [MainThread]: Setting up your profile.
[0m18:36:42.498677 [info ] [MainThread]: Profile meridian_dbt written to C:\Users\samar\.dbt\profiles.yml using target's profile_template.yml and your supplied values.
[0m18:36:42.501674 [info ] [MainThread]: Running dbt debug to validate the project...
[0m18:36:42.502707 [info ] [MainThread]: dbt version: 1.12.3
[0m18:36:42.502707 [info ] [MainThread]: python version: 3.12.10
[0m18:36:42.503675 [info ] [MainThread]: python path: C:\Users\samar\Documents\Projects\meridian\venv\Scripts\python.exe
[0m18:36:42.503675 [info ] [MainThread]: os info: Windows-11-10.0.26200-SP0
[0m18:36:42.543929 [info ] [MainThread]: Using profiles dir at C:\Users\samar\.dbt
[0m18:36:42.543929 [info ] [MainThread]: Using profiles.yml file at C:\Users\samar\.dbt\profiles.yml
[0m18:36:42.543929 [info ] [MainThread]: Using dbt_project.yml file at C:\Users\samar\Documents\Projects\meridian\meridian_dbt\dbt_project.yml
[0m18:36:42.543929 [info ] [MainThread]: adapter type: postgres
[0m18:36:42.543929 [info ] [MainThread]: adapter version: 1.11.0
[0m18:36:42.673599 [info ] [MainThread]: Configuration:
[0m18:36:42.673599 [info ] [MainThread]:   profiles.yml file [[32mOK found and valid[0m]
[0m18:36:42.673599 [info ] [MainThread]:   dbt_project.yml file [[32mOK found and valid[0m]
[0m18:36:42.673599 [info ] [MainThread]: Required dependencies:
[0m18:36:42.673599 [debug] [MainThread]: Executing "git --help"
[0m18:36:43.027866 [debug] [MainThread]: STDOUT: "b"usage: git [-v | --version] [-h | --help] [-C <path>] [-c <name>=<value>]\n           [--exec-path[=<path>]] [--html-path] [--man-path] [--info-path]\n           [-p | --paginate | -P | --no-pager] [--no-replace-objects] [--no-lazy-fetch]\n           [--no-optional-locks] [--no-advice] [--bare] [--git-dir=<path>]\n           [--work-tree=<path>] [--namespace=<name>] [--config-env=<name>=<envvar>]\n           <command> [<args>]\n\nThese are common Git commands used in various situations:\n\nstart a working area (see also: git help tutorial)\n   clone      Clone a repository into a new directory\n   init       Create an empty Git repository or reinitialize an existing one\n\nwork on the current change (see also: git help everyday)\n   add        Add file contents to the index\n   mv         Move or rename a file, a directory, or a symlink\n   restore    Restore working tree files\n   rm         Remove files from the working tree and from the index\n\nexamine the history and state (see also: git help revisions)\n   bisect     Use binary search to find the commit that introduced a bug\n   diff       Show changes between commits, commit and working tree, etc\n   grep       Print lines matching a pattern\n   log        Show commit logs\n   show       Show various types of objects\n   status     Show the working tree status\n\ngrow, mark and tweak your common history\n   backfill   Download missing objects in a partial clone\n   branch     List, create, or delete branches\n   commit     Record changes to the repository\n   history    EXPERIMENTAL: Rewrite history\n   merge      Join two or more development histories together\n   rebase     Reapply commits on top of another base tip\n   reset      Set `HEAD` or the index to a known state\n   switch     Switch branches\n   tag        Create, list, delete or verify tags\n\ncollaborate (see also: git help workflows)\n   fetch      Download objects and refs from another repository\n   pull       Fetch from and integrate with another repository or a local branch\n   push       Update remote refs along with associated objects\n\n'git help -a' and 'git help -g' list available subcommands and some\nconcept guides. See 'git help <command>' or 'git help <concept>'\nto read about a specific subcommand or concept.\nSee 'git help git' for an overview of the system.\n""
[0m18:36:43.027866 [debug] [MainThread]: STDERR: "b''"
[0m18:36:43.027866 [info ] [MainThread]:  - git [[32mOK found[0m]

[0m18:36:43.027866 [info ] [MainThread]: Connection:
[0m18:36:43.027866 [info ] [MainThread]:   host: localhost
[0m18:36:43.027866 [info ] [MainThread]:   port: 5432
[0m18:36:43.027866 [info ] [MainThread]:   user: postgres
[0m18:36:43.027866 [info ] [MainThread]:   database: meridian
[0m18:36:43.027866 [info ] [MainThread]:   schema: public
[0m18:36:43.027866 [info ] [MainThread]:   connect_timeout: 10
[0m18:36:43.034329 [info ] [MainThread]:   role: None
[0m18:36:43.034329 [info ] [MainThread]:   search_path: None
[0m18:36:43.034329 [info ] [MainThread]:   keepalives_idle: 0
[0m18:36:43.034329 [info ] [MainThread]:   sslmode: None
[0m18:36:43.034329 [info ] [MainThread]:   sslcert: None
[0m18:36:43.034329 [info ] [MainThread]:   sslkey: None
[0m18:36:43.034329 [info ] [MainThread]:   sslrootcert: None
[0m18:36:43.034329 [info ] [MainThread]:   application_name: dbt
[0m18:36:43.034329 [info ] [MainThread]:   autocommit: False
[0m18:36:43.034329 [info ] [MainThread]:   retries: 1
[0m18:36:43.034329 [info ] [MainThread]: Registered adapter: postgres=1.11.0
[0m18:36:43.414423 [debug] [MainThread]: Acquiring new postgres connection 'debug'
[0m18:36:45.722840 [debug] [MainThread]: Using postgres connection "debug"
[0m18:36:45.722840 [debug] [MainThread]: On debug: select 1 as id
[0m18:36:45.722840 [debug] [MainThread]: Opening a new connection, currently in state init
[0m18:36:45.835943 [debug] [MainThread]: SQL status: SELECT 1 in 0.118 seconds
[0m18:36:45.835943 [debug] [MainThread]: On debug: Close
[0m18:36:45.835943 [info ] [MainThread]:   Connection test: [[32mOK connection ok[0m]

[0m18:36:45.845193 [info ] [MainThread]: [32mAll checks passed![0m
[0m18:36:45.845193 [info ] [MainThread]: Your new dbt project "meridian_dbt" was created!
Initialized new project in C:\Users\samar\Documents\Projects\meridian\meridian_dbt\meridian_dbt

For more information on how to configure the profiles.yml file,
please consult the dbt documentation here:

  https://docs.getdbt.com/docs/configure-your-profile

One more thing:

Need help? Don't hesitate to reach out to us via GitHub issues or on Slack:

  https://community.getdbt.com/

Happy modeling!

[0m18:36:45.845193 [debug] [MainThread]: Command `dbt init` succeeded at 18:36:45.845193 after 99.03 seconds
[0m18:36:45.845193 [debug] [MainThread]: Connection 'debug' was properly closed.
[0m18:36:45.845193 [debug] [MainThread]: Sending event: {'category': 'dbt', 'action': 'invocation', 'label': 'end', 'context': [<snowplow_tracker.self_describing_json.SelfDescribingJson object at 0x0000029F19256B40>, <snowplow_tracker.self_describing_json.SelfDescribingJson object at 0x0000029F1917F3E0>, <snowplow_tracker.self_describing_json.SelfDescribingJson object at 0x0000029F16E61250>]}
[0m18:36:45.845193 [debug] [MainThread]: Flushing usage events
[0m18:36:46.723234 [debug] [MainThread]: An error was encountered while trying to flush usage events
